     1                                  	extern printf
     2                                  	extern scanf
     3                                  	section .data
     4 00000000 00<rept>                t1: 	times 4 db 0
     5 00000004 00<rept>                t0: 	times 4 db 0
     6 00000008 00<rept>                t4: 	times 20 db 0
     7 0000001C 00<rept>                t3: 	times 8 db 0
     8 00000024 00<rept>                t2: 	times 4 db 0
     9 00000028 25640A00                fmtOutInt: db "%d",10,0
    10 0000002C 25730A00                fmtOutChar: db "%s",10,0
    11 00000030 256400                  fmtInInt:  db "%d", 0
    12 00000033 257300                  fmtInChar:  db "%s", 0
    13                                  	section .text
    14                                  	global main
    15                                  main:
    16 00000000 4889E5                  	mov rbp, rsp
    17 00000003 55                      	push rbp
    18                                  
    19                                  	; 	t3[0] = 1
    20                                  	; 	t3[4] = 2
    21                                  	; 	t4[0] = 73
    22                                  	; 	t4[1] = 110
    23                                  	; 	t4[2] = 116
    24                                  	; 	t4[3] = 114
    25                                  	; 	t4[4] = 111
    26                                  	; 	t4[5] = 100
    27                                  	; 	t4[6] = 117
    28                                  	; 	t4[7] = 99
    29                                  	; 	t4[8] = 101
    30                                  	; 	t4[9] = 32
    31                                  	; 	t4[10] = 117
    32                                  	; 	t4[11] = 110
    33                                  	; 	t4[12] = 32
    34                                  	; 	t4[13] = 110
    35                                  	; 	t4[14] = 250
    36                                  	; 	t4[15] = 109
    37                                  	; 	t4[16] = 101
    38                                  	; 	t4[17] = 114
    39                                  	; 	t4[18] = 111
    40                                  	; 	t4[19] = 58
    41                                  	; e0: skip
    42                                  e0:
    43                                  	; 	pmb main
    44                                  	; 	out: t4
    45 00000004 48BF-                   	mov rdi,fmtOutInt
    45 00000006 [2800000000000000] 
    46 0000000E 488B3425[08000000]      	mov rsi,[t4]
    47 00000016 B800000000              	mov rax, 0
    48 0000001B E8(00000000)            	call printf
    49                                  	; 	in: t0
    50 00000020 48BE-                   	mov rsi,t0
    50 00000022 [0400000000000000] 
    51 0000002A 48BF-                   	mov rdi,fmtInInt
    51 0000002C [3000000000000000] 
    52 00000034 B000                    	mov al, 0
    53 00000036 E8(00000000)            	call scanf
    54                                  	; 	out: t4
    55 0000003B 48BF-                   	mov rdi,fmtOutInt
    55 0000003D [2800000000000000] 
    56 00000045 488B3425[08000000]      	mov rsi,[t4]
    57 0000004D B800000000              	mov rax, 0
    58 00000052 E8(00000000)            	call printf
    59                                  	; 	in: t1
    60 00000057 48BE-                   	mov rsi,t1
    60 00000059 [0000000000000000] 
    61 00000061 48BF-                   	mov rdi,fmtInInt
    61 00000063 [3000000000000000] 
    62 0000006B B000                    	mov al, 0
    63 0000006D E8(00000000)            	call scanf
    64                                  	; 	t5[0] = 69
    65                                  	; //t5 -> rsp+-20
    66                                  	; 	t5[1] = 108
    67                                  	; //t5 -> rsp+-20
    68                                  	; 	t5[2] = 32
    69                                  	; //t5 -> rsp+-20
    70                                  	; 	t5[3] = 114
    71                                  	; //t5 -> rsp+-20
    72                                  	; 	t5[4] = 101
    73                                  	; //t5 -> rsp+-20
    74                                  	; 	t5[5] = 115
    75                                  	; //t5 -> rsp+-20
    76                                  	; 	t5[6] = 117
    77                                  	; //t5 -> rsp+-20
    78                                  	; 	t5[7] = 108
    79                                  	; //t5 -> rsp+-20
    80                                  	; 	t5[8] = 116
    81                                  	; //t5 -> rsp+-20
    82                                  	; 	t5[9] = 97
    83                                  	; //t5 -> rsp+-20
    84                                  	; 	t5[10] = 100
    85                                  	; //t5 -> rsp+-20
    86                                  	; 	t5[11] = 111
    87                                  	; //t5 -> rsp+-20
    88                                  	; 	t5[12] = 32
    89                                  	; //t5 -> rsp+-20
    90                                  	; 	t5[13] = 101
    91                                  	; //t5 -> rsp+-20
    92                                  	; 	t5[14] = 115
    93                                  	; //t5 -> rsp+-20
    94                                  	; 	t5[15] = 58
    95                                  	; //t5 -> rsp+-20
    96                                  	; 	out: t5
    97                                  	; //t5 -> rsp+-20
    98 00000072 48BF-                   	mov rdi,fmtOutInt
    98 00000074 [2800000000000000] 
    99 0000007C 488B7424EC              	mov rsi,[rsp+-20]
   100 00000081 B800000000              	mov rax, 0
   101 00000086 E8(00000000)            	call printf
   102                                  	; 	t6 = t0 + t1
   103                                  	; //t6 -> rsp+-4
   104 0000008B 8B0425[04000000]        	mov eax,[t0]
   105 00000092 8B1C25[00000000]        	mov ebx,[t1]
   106 00000099 01C3                    	add ebx,eax
   107 0000009B 895C24FC                	mov [rsp+-4],ebx
   108                                  	; 	t2 = t6
   109                                  	; //t6 -> rsp+-4
   110 0000009F 8B4424FC                	mov eax,[rsp+-4]
   111 000000A3 890425[24000000]        	mov [t2],eax
   112                                  	; 	out: t2
   113 000000AA 48BF-                   	mov rdi,fmtOutInt
   113 000000AC [2800000000000000] 
   114 000000B4 488B3425[24000000]      	mov rsi,[t2]
   115 000000BC B800000000              	mov rax, 0
   116 000000C1 E8(00000000)            	call printf
   117                                  
   118 000000C6 5D                      	pop rbp
   119 000000C7 B800000000              	mov rax,0
   120 000000CC C3                      	ret
