     1                                  	section .data
     2 00000000 00<rept>                t2: 	times 4 db 0
     3 00000004 00<rept>                t0: 	times 4 db 0
     4 00000008 00<rept>                t3: 	times 4 db 0
     5 0000000C 00<rept>                t1: 	times 4 db 0
     6 00000010 00<rept>                t4: 	times 4 db 0
     7                                  	section .text
     8                                  	global main
     9                                  main:
    10 00000000 4889E5                  	mov rbp, rsp
    11 00000003 55                      	push rbp
    12                                  
    13                                  	; 	t1 = 2
    14 00000004 B802000000              	mov eax,2
    15 00000009 890425[0C000000]        	mov [t1],eax
    16                                  	; 	t0 = t1
    17 00000010 8B0425[0C000000]        	mov eax,[t1]
    18 00000017 890425[04000000]        	mov [t0],eax
    19                                  	; 	t3 = 3
    20 0000001E B803000000              	mov eax,3
    21 00000023 890425[08000000]        	mov [t3],eax
    22                                  	; 	t2 = t3
    23 0000002A 8B0425[08000000]        	mov eax,[t3]
    24 00000031 890425[00000000]        	mov [t2],eax
    25                                  	; e0: skip
    26                                  e0:
    27                                  	; 	pmb main
    28                                  	; 	t5 = t0 + t2
    29 00000038 8B0425[04000000]        	mov eax,[t0]
    30 0000003F 8B1C25[00000000]        	mov ebx,[t2]
    31 00000046 01C3                    	add ebx,eax
    32 00000048 67895DFC                	mov [ebp-4],ebx
    33                                  	; 	t4 = t5
    34 0000004C 678B45FC                	mov eax,[ebp-4]
    35 00000050 890425[10000000]        	mov [t4],eax
    36                                  	; 	out: t4
    37                                  
    38 00000057 5D                      	pop rbp
    39 00000058 B800000000              	mov rax,0
    40 0000005D C3                      	ret
