     1                                  	extern printf
     2                                  	section .data
     3 00000000 00<rept>                t2: 	times 4 db 0
     4 00000004 00<rept>                t0: 	times 4 db 0
     5 00000008 00<rept>                t3: 	times 4 db 0
     6 0000000C 00<rept>                t1: 	times 4 db 0
     7 00000010 00<rept>                t4: 	times 4 db 0
     8 00000014 25640A00                fmtOutInt: db "%d",10,0
     9 00000018 25730A00                fmtOutChar: db "%s",10,0
    10                                  	section .text
    11                                  	global main
    12                                  main:
    13 00000000 4889E5                  	mov rbp, rsp
    14 00000003 55                      	push rbp
    15                                  
    16                                  	; 	t1 = 1
    17 00000004 B801000000              	mov eax,1
    18 00000009 890425[0C000000]        	mov [t1],eax
    19                                  	; 	t0 = t1
    20 00000010 8B0425[0C000000]        	mov eax,[t1]
    21 00000017 890425[04000000]        	mov [t0],eax
    22                                  	; 	t3 = 2
    23 0000001E B802000000              	mov eax,2
    24 00000023 890425[08000000]        	mov [t3],eax
    25                                  	; 	t2 = t3
    26 0000002A 8B0425[08000000]        	mov eax,[t3]
    27 00000031 890425[00000000]        	mov [t2],eax
    28                                  	; 	goto e0
    29 00000038 EB17                    	jmp e0
    30                                  	; e1: skip
    31                                  e1:
    32                                  	; 	pmb foo
    33                                  	; 	t7 = t5 + t6
    34                                  	; //t7 -> rsp+-4
    35                                  	; //t5 -> rsp+16
    36                                  	; //t6 -> rsp+24
    37 0000003A 8B442410                	mov eax,[rsp+16]
    38 0000003E 8B5C2418                	mov ebx,[rsp+24]
    39 00000042 01C3                    	add ebx,eax
    40 00000044 895C24FC                	mov [rsp+-4],ebx
    41                                  	; 	rtn foo: t7
    42                                  	; //t7 -> rsp+-4
    43 00000048 8B4424FC                	mov eax,[rsp+-4]
    44 0000004C 89442408                	mov [rsp+8],eax
    45 00000050 C3                      	ret
    46                                  	; e0: skip
    47                                  e0:
    48                                  	; e2: skip
    49                                  e2:
    50                                  	; 	pmb main
    51                                  	; 	param_s: t2
    52 00000051 4831C0                  	xor rax,rax
    53 00000054 8B0425[00000000]        	mov eax,[t2]
    54 0000005B 50                      	push rax
    55                                  	; 	param_s: t0
    56 0000005C 4831C0                  	xor rax,rax
    57 0000005F 8B0425[04000000]        	mov eax,[t0]
    58 00000066 50                      	push rax
    59                                  	; 	t8 = call foo
    60                                  	; //t8 -> rsp+-4
    61 00000067 50                      	push rax
    62 00000068 E8CDFFFFFF              	call e1
    63 0000006D 5B                      	pop rbx
    64 0000006E 58                      	pop rax
    65 0000006F 58                      	pop rax
    66 00000070 895C24FC                	mov [rsp+-4],ebx
    67                                  	; 	t4 = t8
    68                                  	; //t8 -> rsp+-4
    69 00000074 8B4424FC                	mov eax,[rsp+-4]
    70 00000078 890425[10000000]        	mov [t4],eax
    71                                  	; 	out: t4
    72 0000007F 48BF-                   	mov rdi,fmtOutInt
    72 00000081 [1400000000000000] 
    73 00000089 488B3425[10000000]      	mov rsi,[t4]
    74 00000091 B800000000              	mov rax, 0
    75 00000096 E8(00000000)            	call printf
    76                                  
    77 0000009B 5D                      	pop rbp
    78 0000009C B800000000              	mov rax,0
    79 000000A1 C3                      	ret
