     1                                  	extern printf
     2                                  	section .text
     3                                  	global main
     4                                  main:
     5 00000000 4889E5                  	mov rbp,rsp
     6 00000003 55                      	push rbp
     7                                  
     8                                  	; 	goto e0
     9 00000004 EB50                    	jmp e0
    10                                  	; e1: skip
    11                                  e1:
    12                                  	; 	pmb foo
    13                                  	; 	if t6=0 goto e2
    14 00000006 8B442420                	mov eax,[rsp+32]
    15 0000000A BB00000000              	mov ebx,0
    16 0000000F 39D8                    	cmp eax,ebx
    17 00000011 7420                    	je e2
    18                                  	; 	t8 = t4 + t5
    19 00000013 8B442410                	mov eax,[rsp+16]
    20 00000017 8B5C2418                	mov ebx,[rsp+24]
    21 0000001B 01C3                    	add ebx,eax
    22 0000001D 895C24F4                	mov [rsp+-12],ebx
    23                                  	; 	t7 = t8
    24 00000021 8B4424F4                	mov eax,[rsp+-12]
    25 00000025 894424FC                	mov [rsp+-4],eax
    26                                  	; 	rtn foo: t7
    27 00000029 8B4424FC                	mov eax,[rsp+-4]
    28 0000002D 89442408                	mov [rsp+8],eax
    29 00000031 EB22                    	jmp e3
    30                                  	; e2: skip
    31                                  e2:
    32                                  	; 	t9 = t4 + t5
    33 00000033 8B442410                	mov eax,[rsp+16]
    34 00000037 8B5C2418                	mov ebx,[rsp+24]
    35 0000003B 01C3                    	add ebx,eax
    36 0000003D 895C24F8                	mov [rsp+-8],ebx
    37                                  	; 	t9 = -t9
    38 00000041 8B4424F8                	mov eax,[rsp+-8]
    39 00000045 F7D8                    	neg eax
    40 00000047 894424F8                	mov [rsp+-8],eax
    41                                  	; 	rtn foo: t9
    42 0000004B 8B4424F8                	mov eax,[rsp+-8]
    43 0000004F 89442408                	mov [rsp+8],eax
    44 00000053 EB00                    	jmp e3
    45                                  	; e3: skip
    46                                  e3:
    47 00000055 C3                      	ret
    48                                  	; e0: skip
    49                                  e0:
    50                                  	; e4: skip
    51                                  e4:
    52                                  	; 	pmb main
    53                                  	; 	param_s: t3
    54 00000056 4883C408                	add rsp,8
    55 0000005A 4831C0                  	xor rax,rax
    56 0000005D 8B0425[08000000]        	mov eax,[t3]
    57 00000064 50                      	push rax
    58                                  	; 	param_s: t1
    59 00000065 4831C0                  	xor rax,rax
    60 00000068 8B0425[00000000]        	mov eax,[t1]
    61 0000006F 50                      	push rax
    62                                  	; 	param_s: t0
    63 00000070 4831C0                  	xor rax,rax
    64 00000073 8B0425[04000000]        	mov eax,[t0]
    65 0000007A 50                      	push rax
    66                                  	; 	t10 = call foo
    67 0000007B 50                      	push rax
    68 0000007C E885FFFFFF              	call e1
    69 00000081 5B                      	pop rbx
    70 00000082 58                      	pop rax
    71 00000083 58                      	pop rax
    72 00000084 58                      	pop rax
    73 00000085 4883EC08                	sub rsp,8
    74 00000089 895C24F8                	mov [rsp+-8],ebx
    75                                  	; 	t2 = t10
    76 0000008D 8B4424F8                	mov eax,[rsp+-8]
    77 00000091 890425[0C000000]        	mov [t2],eax
    78                                  	; 	out: t2
    79 00000098 48BF-                   	mov rdi,fmtOutInt
    79 0000009A [1000000000000000] 
    80 000000A2 488B3425[0C000000]      	mov rsi,[t2]
    81 000000AA B800000000              	mov rax, 0
    82 000000AF E8(00000000)            	call printf
    83                                  	; 	t3 = not t3
    84 000000B4 8B0425[08000000]        	mov eax,[t3]
    85 000000BB F7D0                    	not eax
    86 000000BD 890425[08000000]        	mov [t3],eax
    87                                  	; 	param_s: t3
    88 000000C4 4883C408                	add rsp,8
    89 000000C8 4831C0                  	xor rax,rax
    90 000000CB 8B0425[08000000]        	mov eax,[t3]
    91 000000D2 50                      	push rax
    92                                  	; 	param_s: t1
    93 000000D3 4831C0                  	xor rax,rax
    94 000000D6 8B0425[00000000]        	mov eax,[t1]
    95 000000DD 50                      	push rax
    96                                  	; 	param_s: t0
    97 000000DE 4831C0                  	xor rax,rax
    98 000000E1 8B0425[04000000]        	mov eax,[t0]
    99 000000E8 50                      	push rax
   100                                  	; 	t11 = call foo
   101 000000E9 50                      	push rax
   102 000000EA E817FFFFFF              	call e1
   103 000000EF 5B                      	pop rbx
   104 000000F0 58                      	pop rax
   105 000000F1 58                      	pop rax
   106 000000F2 58                      	pop rax
   107 000000F3 4883EC08                	sub rsp,8
   108 000000F7 895C24FC                	mov [rsp+-4],ebx
   109                                  	; 	t2 = t11
   110 000000FB 8B4424FC                	mov eax,[rsp+-4]
   111 000000FF 890425[0C000000]        	mov [t2],eax
   112                                  	; 	out: t2
   113 00000106 48BF-                   	mov rdi,fmtOutInt
   113 00000108 [1000000000000000] 
   114 00000110 488B3425[0C000000]      	mov rsi,[t2]
   115 00000118 B800000000              	mov rax, 0
   116 0000011D E8(00000000)            	call printf
   117                                  
   118 00000122 5D                      	pop rbp
   119 00000123 B800000000              	mov rax,0
   120 00000128 C3                      	ret
   121                                  	section .data
   122 00000000 02000000                t1:	dd 2
   123 00000004 01000000                t0:	dd 1
   124 00000008 FFFFFFFF                t3:	dd -1
   125 0000000C 00000000                t2:	dd 0
   126 00000010 25640A00                fmtOutInt: db "%d",10,0
